Running Gradle build...

> Configure project :
Fabric Loom: 1.14.10

> Task :compileJava UP-TO-DATE
> Task :processResources UP-TO-DATE
> Task :classes UP-TO-DATE
> Task :jar UP-TO-DATE
> Task :processIncludeJars UP-TO-DATE
> Task :remapJar UP-TO-DATE
> Task :remapSourcesJar SKIPPED
> Task :assemble UP-TO-DATE
> Task :validateAccessWidener NO-SOURCE
> Task :check
> Task :build

[Incubating] Problems report is available at: file:///C:/Users/Neon/Documents/GitHub/nerv-printer-addon-oldfag/build/reports/problems/problems-report.html

Deprecated Gradle features were used in this build, making it incompatible with Gradle 10.

You can use '--warning-mode all' to show the individual deprecation warnings and determine if they come from your own scripts or plugins.

For more on this, please refer to https://docs.gradle.org/9.4.0/userguide/command_line_interface.html#sec:command_line_warnings in the Gradle documentation.

BUILD SUCCESSFUL in 4s
5 actionable tasks: 5 up-to-date
Consider enabling configuration cache to speed up this build: https://docs.gradle.org/9.4.0/userguide/configuration_cache_enabling.html
Copying "C:\Users\Neon\Documents\GitHub\nerv-printer-addon-oldfag\build\libs\nerv-printer-1.21.11.jar" to "C:\Users\Neon\Documents\Prism Launcher\instances\Nerv Printer\minecraft\mods\nerv-printer-1.21.11.jar"
C:\Users\Neon\Documents\GitHub\nerv-printer-addon-oldfag\build\libs\nerv-printer-1.21.11.jar
1 File(s) copied
Copying "C:\Users\Neon\Documents\GitHub\nerv-printer-addon-oldfag\build\libs\nerv-printer-1.21.11.jar" to "C:\Users\Neon\Documents\Prism Launcher\instances\Nerv Printer (Helper)\minecraft\mods\nerv-printer-1.21.11.jar"
C:\Users\Neon\Documents\GitHub\nerv-printer-addon-oldfag\build\libs\nerv-printer-1.21.11.jar
1 File(s) copied
Copying "C:\Users\Neon\Documents\GitHub\nerv-printer-addon-oldfag\build\libs\nerv-printer-1.21.11.jar" to "C:\Users\Neon\Documents\Prism Launcher\instances\Nerv Printer (Helper 2)\minecraft\mods\nerv-printer-1.21.11.jar"
C:\Users\Neon\Documents\GitHub\nerv-printer-addon-oldfag\build\libs\nerv-printer-1.21.11.jar
1 File(s) copied
Press any key to continue . . . 